../Core/Src/main.c:64:7:adcVoltageConversion	24	static
../Core/Src/main.c:70:7:thermistorResistEstimation	32	static
../Core/Src/main.c:76:7:tempEstimation	40	static
../Core/Src/main.c:83:7:currentEstimation	16	static
../Core/Src/main.c:92:6:HAL_ADC_ConvCpltCallback	16	static
../Core/Src/main.c:107:5:main	8	static
../Core/Src/main.c:155:6:SystemClock_Config	88	static
../Core/Src/main.c:202:13:MX_ADC1_Init	24	static
../Core/Src/main.c:258:13:MX_USART2_UART_Init	8	static
../Core/Src/main.c:289:13:MX_DMA_Init	16	static
../Core/Src/main.c:307:13:MX_GPIO_Init	40	static
../Core/Src/main.c:351:6:Error_Handler	4	static,ignoring_inline_asm
