../Core/Src/main.c:73:7:adcVoltageConversion	24	static
../Core/Src/main.c:79:7:thermistorResistEstimation	32	static
../Core/Src/main.c:85:7:tempEstimation	40	static
../Core/Src/main.c:92:7:mean	32	static
../Core/Src/main.c:106:6:HAL_ADC_ConvCpltCallback	16	static
../Core/Src/main.c:129:5:main	16	static
../Core/Src/main.c:188:6:SystemClock_Config	88	static
../Core/Src/main.c:235:13:MX_ADC1_Init	24	static
../Core/Src/main.c:291:13:MX_USART2_UART_Init	8	static
../Core/Src/main.c:322:13:MX_DMA_Init	16	static
../Core/Src/main.c:346:13:MX_GPIO_Init	40	static
../Core/Src/main.c:400:6:Error_Handler	4	static,ignoring_inline_asm
